// Jest Snapshot v1, https://goo.gl/fbAQLP

exports[`Timer counts down from a given value 1`] = `
<div>
  Timer: 5
</div>
`;
